// Jest Snapshot v1, https://goo.gl/fbAQLP

exports[`CircleInfo Component render- ifFeelsLike true 1`] = `
<View
  style={
    {
      "alignItems": "center",
      "backgroundColor": "black",
      "borderRadius": 375,
      "height": 335,
      "justifyContent": "center",
      "padding": 20,
      "width": 335,
    }
  }
  testID="circle-view"
>
  <Text
    style={
      {
        "color": "white",
        "fontFamily": "SpaceMono-Regular",
        "fontSize": 14,
      }
    }
    testID="feel-like-text"
  >
    FEELS LIKE
  </Text>
  <Text
    style={
      {
        "color": "white",
        "fontFamily": "SpaceMono-Regular",
        "fontSize": 40,
      }
    }
    testID="temperature-text"
  >
    28ยบ
  </Text>
</View>
`;
