// Jest Snapshot v1, https://goo.gl/fbAQLP

exports[`OvalInfo Component render 1`] = `
<View
  style={
    {
      "alignItems": "flex-start",
      "backgroundColor": "white",
      "borderRadius": 375,
      "justifyContent": "flex-start",
      "margin": 10,
      "padding": 16,
      "paddingHorizontal": 20,
      "width": "100%",
    }
  }
  testID="oval-view"
>
  <Text
    style={
      {
        "color": "black",
        "fontFamily": "SpaceMono-Bold",
        "fontSize": 14,
      }
    }
    testID="heading-text"
  >
    THIS IS HEADING
  </Text>
  <Text
    style={
      {
        "color": "black",
        "fontSize": 13,
      }
    }
    testID="subHeading-text"
  >
    This is subHeading
  </Text>
</View>
`;
